%!Adobe-FontList 1.25
%Locale:0x416

%BeginFont
Handler:DirectoryHandler
FontType:TrueType
FontName:VirtualWorld-Regular
FamilyName:Virtual World
StyleName:Regular
FullName:Virtual World Regular
MenuName:Virtual World
StyleBits:0
WritingScript:Roman
OutlineFileName:G:\Meu Drive\detic\layouts\museu\PDFs\Pasta template__1\Document fonts\VirtualWorld.ttf
DataFormat:sfntData
hasSVG:no
hasCOLR:no
VariableFontType:NonVariableFont
FileLength:16936
FileModTime:1774017854
WeightClass:400
WidthClass:5
AngleClass:0
NameArray:0,Mac,18,Virtual World Regular
NameArray:0,Mac,4,Virtual World Regular
NameArray:0,Win,1,Virtual World
%EndFont

